// Jest Snapshot v1, https://goo.gl/fbAQLP

exports[`RepositoriesList should render initial layout 1`] = `
Array [
  <div
    className="container"
  >
    <div
      className="row"
    />
  </div>,
]
`;
